<testsuites id="" name="" tests="2" failures="0" skipped="0" errors="0" time="15.051147">
<testsuite name="booking-flow.test.ts" timestamp="2025-09-22T01:00:32.436Z" hostname="chromium" tests="2" failures="0" skipped="0" time="5.499" errors="0">
<testcase name="Booking Flow › should create booking with dev payment bypass and redirect to confirmation" classname="booking-flow.test.ts" time="3.442">
<system-out>
<![CDATA[User needs to sign in first
Sign in page loaded
]]>
</system-out>
</testcase>
<testcase name="Booking Flow › should test dev payment bypass API directly" classname="booking-flow.test.ts" time="2.057">
<system-out>
<![CDATA[API Response Status: [33m200[39m
API Response Body: <!DOCTYPE html><html lang="en" class="geist_98543eaf-module__nHXKyG__className dark"><head><meta charSet="utf-8"/><meta name="viewport" content="width=device-width, initial-scale=1"/><link rel="stylesheet" href="/_next/static/chunks/%5Broot-of-the-server%5D__bcbf9a33._.css" data-precedence="next_static/chunks/[root-of-the-server]__bcbf9a33._.css"/><link rel="preload" as="script" fetchPriority="low" href="/_next/static/chunks/%5Broot-of-the-server%5D__09a99045._.js"/><script src="/_next/static/chunks/node_modules_next_dist_compiled_react-dom_1f56dc06._.js" async=""></script><script src="/_next/static/chunks/node_modules_next_dist_compiled_b11799f3._.js" async=""></script><script src="/_next/static/chunks/node_modules_next_dist_client_ebe43281._.js" async=""></script><script src="/_next/static/chunks/node_modules_next_dist_shared_lib_4b0cf7fc._.js" async=""></script><script src="/_next/static/chunks/node_modules_next_dist_eb2b6a21._.js" async=""></script><script src="/_next/static/chunks/node_modules_next_router_7ab374bf.js" async=""></script><script src="/_next/static/chunks/node_modules_%40sentry_core_build_esm_71963069._.js" async=""></script><script src="/_next/static/chunks/node_modules_%40sentry_browser_build_npm_esm_68108085._.js" async=""></script><script src="/_next/static/chunks/node_modules_%40sentry-internal_browser-utils_build_esm_bd5e1f77._.js" async=""></script><script src="/_next/static/chunks/node_modules_%40sentry-internal_replay_build_npm_esm_index_59148d8f.js" async=""></script><script src="/_next/static/chunks/node_modules_%40supabase_auth-js_dist_module_33324aae._.js" async=""></script><script src="/_next/static/chunks/node_modules_ea464ac3._.js" async=""></script><script src="/_next/static/chunks/instrumentation-client_ts_befa20e0._.js" async=""></script><script src="/_next/static/chunks/_e69f0d32._.js" async=""></script><script src="/_next/static/chunks/_7ddb1da4._.js" async=""></script><script src="/_next/static/chunks/node_modules_next_dist_6284f7f1._.js" async=""></script><script src="/_next/static/chunks/app_favicon_ico_mjs_4c4cf919._.js" async=""></script><script src="/_next/static/chunks/_0293d420._.js" async=""></script><script src="/_next/static/chunks/_36f6bcde._.js" async=""></script><script src="/_next/static/chunks/node_modules_react-icons_e0321124._.js" async=""></script><script src="/_next/static/chunks/node_modules_zod_lib_index_mjs_ee760afb._.js" async=""></script><script src="/_next/static/chunks/node_modules_%40tanstack_query-devtools_build_c02dd60e._.js" async=""></script><script src="/_next/static/chunks/node_modules_44cc6d32._.js" async=""></script><script src="/_next/static/chunks/app_layout_tsx_8305262e._.js" async=""></script><script src="/_next/static/chunks/_36616110._.js" async=""></script><script src="/_next/static/chunks/app_error_tsx_90ad52ee._.js" async=""></script><script src="/_next/static/chunks/app_(auth-pages)_layout_tsx_f78bdb3e._.js" async=""></script><script src="/_next/static/chunks/app_(auth-pages)_layout_tsx_90ad52ee._.js" async=""></script><script src="/_next/static/chunks/_626c4fbf._.js" async=""></script><script src="/_next/static/chunks/app_(auth-pages)_sign-in_page_tsx_aba3683f._.js" async=""></script><script src="/_next/static/chunks/_ba27bdbf._.js" async=""></script><script src="/_next/static/chunks/app_global-error_tsx_90ad52ee._.js" async=""></script><meta name="next-size-adjust" content=""/><link rel="preconnect" href="https://fonts.googleapis.com"/><link rel="preconnect" href="https://www.google-analytics.com"/><link rel="dns-prefetch" href="https://www.googletagmanager.com"/><script type="application/ld+json">{"@context":"https://schema.org","@type":"Organization","name":"The Recovery Machine","url":"http://localhost:3000","logo":"https://therecoverymachine.com/logo.png","sameAs":["https://twitter.com/therecoverymachine"],"contactPoint":{"@type":"ContactPoint","contactType":"customer service","availableLanguage":["English","Spanish"],"areaServed":"US-CA"},"address":{"@type":"PostalAddress","addressLocality":"Los Angeles","addressRegion":"CA","addressCountry":"US"},"foundingDate":"2024","numberOfEmployees":"2-10","knowsAbout":["Cold Plunge Therapy","Infrared Sauna","Recovery Therapy","Wellness Services","Mobile Spa Services"]}</script><script type="application/ld+json">{"@context":"https://schema.org","@type":"WebSite","name":"The Recovery Machine","url":"http://localhost:3000","description":"Mobile cold plunge & infrared sauna delivered to your door. Weekly wellness sessions for peak performance and recovery. Professional spa services at your location.","publisher":{"@type":"Organization","name":"The Recovery Machine","logo":"https://therecoverymachine.com/logo.png"},"potentialAction":{"@type":"SearchAction","target":{"@type":"EntryPoint","urlTemplate":"http://localhost:3000/search?q={search_term_string}"},"query-input":"required name=search_term_string"}}</script><title>The Recovery Machine | Mobile Wellness Services</title><meta name="description" content="Mobile cold plunge &amp; infrared sauna delivered to your door. Weekly sessions for peak performance and recovery."/><link rel="manifest" href="/manifest.webmanifest"/><meta name="robots" content="index, follow"/><meta name="googlebot" content="index, follow, max-video-preview:-1, max-image-preview:large, max-snippet:-1"/><link rel="canonical" href="http://localhost:3000"/><link rel="alternate" hrefLang="en-US" href="http://localhost:3000/en-US"/><meta property="og:title" content="The Recovery Machine | Mobile Wellness Services"/><meta property="og:description" content="Mobile cold plunge &amp; infrared sauna delivered to your door. Weekly sessions for peak performance and recovery."/><meta property="og:url" content="http://localhost:3000"/><meta property="og:site_name" content="The Recovery Machine"/><meta property="og:locale" content="en_US"/><meta property="og:image" content="http://localhost:3000/og-image.jpg"/><meta property="og:image:width" content="1200"/><meta property="og:image:height" content="630"/><meta property="og:image:alt" content="The Recovery Machine"/><meta property="og:type" content="website"/><meta name="twitter:card" content="summary_large_image"/><meta name="twitter:site" content="@therecoverymachine"/><meta name="twitter:creator" content="@therecoverymachine"/><meta name="twitter:title" content="The Recovery Machine | Mobile Wellness Services"/><meta name="twitter:description" content="Mobile cold plunge &amp; infrared sauna delivered to your door. Weekly sessions for peak performance and recovery."/><meta name="twitter:image" content="http://localhost:3000/og-image.jpg"/><link rel="icon" href="/favicon.ico?favicon.45db1c09.ico" sizes="256x256" type="image/x-icon"/><script>document.querySelectorAll('body link[rel="icon"], body link[rel="apple-touch-icon"]').forEach(el => document.head.appendChild(el))</script><script src="/_next/static/chunks/node_modules_next_dist_build_polyfills_polyfill-nomodule.js" noModule=""></script></head><body class="bg-black text-white"><script>((e, i, s, u, m, a, l, h)=>{
    let d = document.documentElement, w = [
        "light",
        "dark"
    ];
    function p(n) {
        (Array.isArray(e) ? e : [
            e
        ]).forEach((y)=>{
            let k = y === "class", S = k && a ? m.map((f)=>a[f] || f) : m;
            k ? (d.classList.remove(...S), d.classList.add(a && a[n] ? a[n] : n)) : d.setAttribute(y, n);
        }), R(n);
    }
    function R(n) {
        h && w.includes(n) && (d.style.colorScheme = n);
    }
    function c() {
        return window.matchMedia("(prefers-color-scheme: dark)").matches ? "dark" : "light";
    }
    if (u) p(u);
    else try {
        let n = localStorage.getItem(i) || s, y = l && n === "system" ? c() : n;
        p(y);
    } catch (n) {}
})("class","theme","system",null,["light","dark"],null,true,true)</script><section aria-label="Notifications alt+T" tabindex="-1" aria-live="polite" aria-relevant="additions text" aria-atomic="false"></section><div class="min-h-screen relative"><header class="sticky top-0 z-50 w-full border-b border-neutral-800 bg-black"><div class="container flex h-16 max-w-screen-2xl items-center px-4 sm:px-6 lg:px-8"><div class="mr-8 flex items-center space-x-3"><a class="flex items-center space-x-3" href="/"><div class="flex h-8 w-8 items-center justify-center bg-white"><svg xmlns="http://www.w3.org/2000/svg" width="24" height="24" viewBox="0 0 24 24" fill="none" stroke="currentColor" stroke-width="2" stroke-linecap="round" stroke-linejoin="round" class="lucide lucide-snowflake h-4 w-4 text-black"><path d="m10 20-1.25-2.5L6 18"></path><path d="M10 4 8.75 6.5 6 6"></path><path d="m14 20 1.25-2.5L18 18"></path><path d="m14 4 1.25 2.5L18 6"></path><path d="m17 21-3-6h-4"></path><path d="m17 3-3 6 1.5 3"></path><path d="M2 12h6.5L10 9"></path><path d="m20 10-1.5 2 1.5 2"></path><path d="M22 12h-6.5L14 15"></path><path d="m4 10 1.5 2L4 14"></path><path d="m7 21 3-6-1.5-3"></path><path d="m7 3 3 6h4"></path></svg></div><span class="hidden font-medium text-lg text-white font-mono sm:inline-block">Recovery Machine</span></a></div><div class="flex items-center"><div class="hidden md:flex"><nav aria-label="Main" data-orientation="horizontal" dir="ltr" class="relative z-10 flex max-w-max flex-1 items-center justify-center"><div style="position:relative"><ul data-orientation="horizontal" class="group flex-1 list-none items-center justify-center space-x-1 flex flex-col md:flex-row gap-1" dir="ltr"><li><a class="group inline-flex h-9 w-max items-center justify-center rounded-md px-4 py-2 text-sm font-medium transition-colors text-white hover:bg-neutral-900 hover:text-white focus:bg-neutral-900 focus:text-white focus:outline-none disabled:pointer-events-none disabled:opacity-50" data-radix-collection-item="" href="/">Home</a></li><li><a class="group inline-flex h-9 w-max items-center justify-center rounded-md px-4 py-2 text-sm font-medium transition-colors text-white hover:bg-neutral-900 hover:text-white focus:bg-neutral-900 focus:text-white focus:outline-none disabled:pointer-events-none disabled:opacity-50" data-radix-collection-item="" href="/book">Book Session</a></li><li><a class="group inline-flex h-9 w-max items-center justify-center rounded-md px-4 py-2 text-sm font-medium transition-colors text-white hover:bg-neutral-900 hover:text-white focus:bg-neutral-900 focus:text-white focus:outline-none disabled:pointer-events-none disabled:opacity-50" data-radix-collection-item="" href="/about">About</a></li></ul></div><div class="absolute left-0 top-full flex justify-center"></div></nav></div><div class="flex md:hidden"><button class="inline-flex items-center justify-center whitespace-nowrap rounded-md text-sm font-medium ring-offset-background transition-colors focus-visible:outline-none focus-visible:ring-2 focus-visible:ring-ring focus-visible:ring-offset-2 disabled:pointer-events-none disabled:opacity-50 hover:bg-accent hover:text-accent-foreground h-9 w-9" type="button" aria-haspopup="dialog" aria-expanded="false" aria-controls="radix-«R2j66l7»" data-state="closed"><svg xmlns="http://www.w3.org/2000/svg" width="24" height="24" viewBox="0 0 24 24" fill="none" stroke="currentColor" stroke-width="2" stroke-linecap="round" stroke-linejoin="round" class="lucide lucide-menu h-5 w-5"><line x1="4" x2="20" y1="12" y2="12"></line><line x1="4" x2="20" y1="6" y2="6"></line><line x1="4" x2="20" y1="18" y2="18"></line></svg><span class="sr-only">Toggle menu</span></button></div></div><div class="flex flex-1 items-center justify-end space-x-4"><div class="flex items-center gap-3"><a class="inline-flex items-center justify-center whitespace-nowrap rounded-md ring-offset-background transition-colors focus-visible:outline-none focus-visible:ring-2 focus-visible:ring-ring focus-visible:ring-offset-2 disabled:pointer-events-none disabled:opacity-50 py-2 text-sm font-medium text-white hover:text-white hover:bg-neutral-900 font-mono h-8 px-4" href="/sign-in">Sign in</a><a class="inline-flex items-center justify-center whitespace-nowrap rounded-md ring-offset-background transition-colors focus-visible:outline-none focus-visible:ring-2 focus-visible:ring-ring focus-visible:ring-offset-2 disabled:pointer-events-none disabled:opacity-50 py-2 text-sm font-medium bg-white text-black hover:bg-neutral-200 font-mono h-8 px-4" href="/sign-up">Get Started</a></div></div></div></header><main id="main-content" class="w-full"><div class="min-h-screen flex flex-col bg-black"><main class="flex-1 flex items-center justify-center p-6"><div class="w-full max-w-md space-y-6"><div class="flex flex-col items-center space-y-4 text-center"><a class="flex items-center space-x-2" href="/"><div class="flex h-12 w-12 items-center justify-center bg-white text-black"><svg xmlns="http://www.w3.org/2000/svg" width="24" height="24" viewBox="0 0 24 24" fill="none" stroke="currentColor" stroke-width="2" stroke-linecap="round" stroke-linejoin="round" class="lucide lucide-snowflake h-6 w-6"><path d="m10 20-1.25-2.5L6 18"></path><path d="M10 4 8.75 6.5 6 6"></path><path d="m14 20 1.25-2.5L18 18"></path><path d="m14 4 1.25 2.5L18 6"></path><path d="m17 21-3-6h-4"></path><path d="m17 3-3 6 1.5 3"></path><path d="M2 12h6.5L10 9"></path><path d="m20 10-1.5 2 1.5 2"></path><path d="M22 12h-6.5L14 15"></path><path d="m4 10 1.5 2L4 14"></path><path d="m7 21 3-6-1.5-3"></path><path d="m7 3 3 6h4"></path></svg></div><span class="text-xl font-bold text-white">Recovery Machine</span></a><div class="space-y-2"><h1 class="text-2xl font-semibold tracking-tight text-white">Welcome back</h1><p class="text-sm text-neutral-400">Sign in to your account to continue your recovery journey</p></div></div><!--$--><div class="rounded-lg border text-card-foreground shadow-sm w-full bg-neutral-900 border-neutral-800"><div class="flex flex-col space-y-1.5 p-6 text-center"><h3 class="tracking-tight text-2xl font-bold text-white">Welcome Back</h3><p class="text-sm text-neutral-400">Sign in to your Recovery Machine account</p></div><div class="p-6 pt-0 space-y-4"><form class="space-y-4" action="" encType="multipart/form-data" method="POST"><input type="hidden" name="$ACTION_ID_400b0842fc147cf4dc9793ddfe6c124996d3e2f1b3"/><div class="space-y-2"><label class="text-sm font-medium leading-none peer-disabled:cursor-not-allowed peer-disabled:opacity-70 text-white" for="email">Email</label><input type="email" class="flex h-10 w-full rounded-md border px-3 py-2 text-sm ring-offset-background file:border-0 file:bg-transparent file:text-sm file:font-medium focus-visible:outline-none focus-visible:ring-2 focus-visible:ring-ring focus-visible:ring-offset-2 disabled:cursor-not-allowed disabled:opacity-50 bg-neutral-800 border-neutral-700 text-white placeholder:text-neutral-500" id="email" placeholder="you@example.com" required="" name="email" value=""/></div><div class="space-y-2"><label class="text-sm font-medium leading-none peer-disabled:cursor-not-allowed peer-disabled:opacity-70 text-white" for="password">Password</label><input type="password" class="flex h-10 w-full rounded-md border px-3 py-2 text-sm ring-offset-background file:border-0 file:bg-transparent file:text-sm file:font-medium focus-visible:outline-none focus-visible:ring-2 focus-visible:ring-ring focus-visible:ring-offset-2 disabled:cursor-not-allowed disabled:opacity-50 bg-neutral-800 border-neutral-700 text-white placeholder:text-neutral-500" id="password" placeholder="Enter your password" name="password"/></div><div class="space-y-3"><button class="inline-flex items-center justify-center whitespace-nowrap rounded-md text-sm font-medium ring-offset-background transition-colors focus-visible:outline-none focus-visible:ring-2 focus-visible:ring-ring focus-visible:ring-offset-2 disabled:pointer-events-none disabled:opacity-50 h-10 px-4 py-2 w-full bg-white text-black hover:bg-neutral-200" type="submit"><svg xmlns="http://www.w3.org/2000/svg" width="24" height="24" viewBox="0 0 24 24" fill="none" stroke="currentColor" stroke-width="2" stroke-linecap="round" stroke-linejoin="round" class="lucide lucide-lock mr-2 h-4 w-4"><rect width="18" height="11" x="3" y="11" rx="2" ry="2"></rect><path d="M7 11V7a5 5 0 0 1 10 0v4"></path></svg>Sign in with Password</button><div class="relative"><div class="absolute inset-0 flex items-center"><span class="w-full border-t border-neutral-700"></span></div><div class="relative flex justify-center text-xs uppercase"><span class="bg-neutral-900 px-2 text-neutral-400">Or</span></div></div><button class="inline-flex items-center justify-center whitespace-nowrap rounded-md text-sm font-medium ring-offset-background transition-colors focus-visible:outline-none focus-visible:ring-2 focus-visible:ring-ring focus-visible:ring-offset-2 disabled:pointer-events-none disabled:opacity-50 border hover:text-accent-foreground h-10 px-4 py-2 w-full bg-transparent border-neutral-700 text-white hover:bg-neutral-800" type="button" disabled=""><svg xmlns="http://www.w3.org/2000/svg" width="24" height="24" viewBox="0 0 24 24" fill="none" stroke="currentColor" stroke-width="2" stroke-linecap="round" stroke-linejoin="round" class="lucide lucide-mail mr-2 h-4 w-4"><rect width="20" height="16" x="2" y="4" rx="2"></rect><path d="m22 7-8.97 5.7a1.94 1.94 0 0 1-2.06 0L2 7"></path></svg>Send Magic Link</button></div></form><div class="text-center space-y-4 pt-4"><p class="text-sm text-neutral-400">Don&#x27;t have an account?<!-- --> <a class="text-white font-medium hover:underline" href="/sign-up">Sign up</a></p><div class="text-xs text-neutral-500">By continuing, you agree to our<!-- --> <a class="text-white hover:underline" href="/terms">Terms</a> <!-- -->and<!-- --> <a class="text-white hover:underline" href="/privacy">Privacy Policy</a></div></div></div></div><!--/$--><!--$--><!--/$--><!--$--><!--/$--></div></main></div></main><footer class="border-t bg-background"><div class="container px-4 md:px-6"><div class="grid grid-cols-1 gap-8 py-8 md:grid-cols-4"><div class="flex flex-col gap-2"><a class="flex items-center gap-2" href="/"><span class="font-bold">The Recovery Machine</span></a><p class="text-sm text-muted-foreground">Mobile cold plunge &amp; infrared sauna delivered to your door. Weekly wellness sessions for peak performance and recovery. Professional spa services at your location.</p></div><div class="grid grid-cols-2 gap-4 sm:grid-cols-3 md:col-span-3"><div class="flex flex-col gap-2"><h3 class="text-sm font-medium">Product</h3><ul class="flex flex-col gap-2"><li><a class="text-sm text-muted-foreground hover:text-foreground transition-colors" href="/features">Features</a></li><li><a class="text-sm text-muted-foreground hover:text-foreground transition-colors" href="/pricing">Pricing</a></li><li><a class="text-sm text-muted-foreground hover:text-foreground transition-colors" href="/docs">Documentation</a></li></ul></div><div class="flex flex-col gap-2"><h3 class="text-sm font-medium">Company</h3><ul class="flex flex-col gap-2"><li><a class="text-sm text-muted-foreground hover:text-foreground transition-colors" href="/about">About</a></li><li><a class="text-sm text-muted-foreground hover:text-foreground transition-colors" href="/blog">Blog</a></li><li><a class="text-sm text-muted-foreground hover:text-foreground transition-colors" href="/contact">Contact</a></li></ul></div><div class="flex flex-col gap-2"><h3 class="text-sm font-medium">Legal</h3><ul class="flex flex-col gap-2"><li><a class="text-sm text-muted-foreground hover:text-foreground transition-colors" href="/privacy">Privacy</a></li><li><a class="text-sm text-muted-foreground hover:text-foreground transition-colors" href="/terms">Terms</a></li><li><a class="text-sm text-muted-foreground hover:text-foreground transition-colors" href="/cookies">Cookie Policy</a></li></ul></div></div></div><div class="border-t py-6"><div class="flex flex-col gap-4 items-center justify-between sm:flex-row"><div class="flex gap-4 text-sm text-muted-foreground"><span>© <!-- -->2025<!-- --> <!-- -->The Recovery Machine<!-- -->. All rights reserved.</span></div><div class="flex items-center gap-4"><div class="flex gap-4"><a class="text-sm text-muted-foreground hover:text-foreground transition-colors" target="_blank" rel="noopener noreferrer" href="https://twitter.com/@therecoverymachine">Twitter</a><a class="text-sm text-muted-foreground hover:text-foreground transition-colors" target="_blank" rel="noopener noreferrer" href="http://localhost:3000">GitHub</a><a class="text-sm text-muted-foreground hover:text-foreground transition-colors" target="_blank" rel="noopener noreferrer" href="http://localhost:3000">Website</a></div></div></div></div></div></footer></div><div dir="ltr" class="tsqd-parent-container"></div><script src="/_next/static/chunks/%5Broot-of-the-server%5D__09a99045._.js" async=""></script><script>(self.__next_f=self.__next_f||[]).push([0])</script><script>self.__next_f.push([1,"3:\"$Sreact.fragment\"\n5:I[\"[project]/node_modules/next/dist/client/components/layout-router.js [app-client] (ecmascript)\",[\"/_next/static/chunks/node_modules_next_dist_6284f7f1._.js\",\"/_next/static/chunks/app_favicon_ico_mjs_4c4cf919._.js\"],\"default\"]\n6:I[\"[project]/app/error.tsx [app-client] (ecmascript)\",[\"/_next/static/chunks/_0293d420._.js\",\"/_next/static/chunks/_36f6bcde._.js\",\"/_next/static/chunks/node_modules_react-icons_e0321124._.js\",\"/_next/static/chunks/node_modules_zod_lib_index_mjs_ee760afb._.js\",\"/_next/static/chunks/node_modules_%40tanstack_query-devtools_build_c02dd60e._.js\",\"/_next/static/chunks/node_modules_44cc6d32._.js\",\"/_next/static/chunks/app_layout_tsx_8305262e._.js\",\"/_next/static/chunks/_36616110._.js\",\"/_next/static/chunks/app_error_tsx_90ad52ee._.js\"],\"default\"]\n10:I[\"[project]/app/providers.tsx [app-client] (ecmascript)\",[\"/_next/static/chunks/_0293d420._.js\",\"/_next/static/chunks/_36f6bcde._.js\",\"/_next/static/chunks/node_modules_react-icons_e0321124._.js\",\"/_next/static/chunks/node_modules_zod_lib_index_mjs_ee760afb._.js\",\"/_next/static/chunks/node_modules_%40tanstack_query-devtools_build_c02dd60e._.js\",\"/_next/static/chunks/node_modules_44cc6d32._.js\",\"/_next/static/chunks/app_layout_tsx_8305262e._.js\"],\"default\"]\n11:I[\"[project]/components/nav/Header.tsx [app-client] (ecmascript)\",[\"/_next/static/chunks/_0293d420._.js\",\"/_next/static/chunks/_36f6bcde._.js\",\"/_next/static/chunks/node_modules_react-icons_e0321124._.js\",\"/_next/static/chunks/node_modules_zod_lib_index_mjs_ee760afb._.js\",\"/_next/static/chunks/node_modules_%40tanstack_query-devtools_build_c02dd60e._.js\",\"/_next/static/chunks/node_modules_44cc6d32._.js\",\"/_next/static/chunks/app_layout_tsx_8305262e._.js\"],\"Header\"]\n12:I[\"[project]/node_modules/next/dist/client/components/render-from-template-context.js [app-client] (ecmascript)\",[\"/_next/static/chunks/node_modules_next_dist_6284f7f1._.js\",\"/_next/static/chunks/app_favicon_ico_mjs_4c4cf919._.js\"],\"default\"]\n16:I[\"[project]/components/nav/Footer.tsx [app-client] (ecmascrip"])</script><script>self.__next_f.push([1,"t)\",[\"/_next/static/chunks/_0293d420._.js\",\"/_next/static/chunks/_36f6bcde._.js\",\"/_next/static/chunks/node_modules_react-icons_e0321124._.js\",\"/_next/static/chunks/node_modules_zod_lib_index_mjs_ee760afb._.js\",\"/_next/static/chunks/node_modules_%40tanstack_query-devtools_build_c02dd60e._.js\",\"/_next/static/chunks/node_modules_44cc6d32._.js\",\"/_next/static/chunks/app_layout_tsx_8305262e._.js\"],\"Footer\"]\n17:I[\"[project]/node_modules/@vercel/analytics/dist/react/index.mjs [app-client] (ecmascript)\",[\"/_next/static/chunks/_0293d420._.js\",\"/_next/static/chunks/_36f6bcde._.js\",\"/_next/static/chunks/node_modules_react-icons_e0321124._.js\",\"/_next/static/chunks/node_modules_zod_lib_index_mjs_ee760afb._.js\",\"/_next/static/chunks/node_modules_%40tanstack_query-devtools_build_c02dd60e._.js\",\"/_next/static/chunks/node_modules_44cc6d32._.js\",\"/_next/static/chunks/app_layout_tsx_8305262e._.js\"],\"Analytics\"]\n18:I[\"[project]/components/analytics/GoogleAnalytics.tsx [app-client] (ecmascript)\",[\"/_next/static/chunks/_0293d420._.js\",\"/_next/static/chunks/_36f6bcde._.js\",\"/_next/static/chunks/node_modules_react-icons_e0321124._.js\",\"/_next/static/chunks/node_modules_zod_lib_index_mjs_ee760afb._.js\",\"/_next/static/chunks/node_modules_%40tanstack_query-devtools_build_c02dd60e._.js\",\"/_next/static/chunks/node_modules_44cc6d32._.js\",\"/_next/static/chunks/app_layout_tsx_8305262e._.js\"],\"GoogleAnalytics\"]\n19:I[\"[project]/components/performance/WebVitalsTracker.tsx [app-client] (ecmascript)\",[\"/_next/static/chunks/_0293d420._.js\",\"/_next/static/chunks/_36f6bcde._.js\",\"/_next/static/chunks/node_modules_react-icons_e0321124._.js\",\"/_next/static/chunks/node_modules_zod_lib_index_mjs_ee760afb._.js\",\"/_next/static/chunks/node_modules_%40tanstack_query-devtools_build_c02dd60e._.js\",\"/_next/static/chunks/node_modules_44cc6d32._.js\",\"/_next/static/chunks/app_layout_tsx_8305262e._.js\"],\"WebVitalsTracker\"]\n1a:I[\"[project]/node_modules/next/dist/client/components/client-segment.js [app-client] (ecmascript)\",[\"/_next/static/chunks/node_modules_next_d"])</script><script>self.__next_f.push([1,"ist_6284f7f1._.js\",\"/_next/static/chunks/app_favicon_ico_mjs_4c4cf919._.js\"],\"ClientSegmentRoot\"]\n1b:I[\"[project]/app/(auth-pages)/layout.tsx [app-client] (ecmascript)\",[\"/_next/static/chunks/_0293d420._.js\",\"/_next/static/chunks/_36f6bcde._.js\",\"/_next/static/chunks/node_modules_react-icons_e0321124._.js\",\"/_next/static/chunks/node_modules_zod_lib_index_mjs_ee760afb._.js\",\"/_next/static/chunks/node_modules_%40tanstack_query-devtools_build_c02dd60e._.js\",\"/_next/static/chunks/node_modules_44cc6d32._.js\",\"/_next/static/chunks/app_layout_tsx_8305262e._.js\",\"/_next/static/chunks/app_(auth-pages)_layout_tsx_f78bdb3e._.js\",\"/_next/static/chunks/app_(auth-pages)_layout_tsx_90ad52ee._.js\"],\"default\"]\n1f:I[\"[project]/node_modules/next/dist/client/components/client-page.js [app-client] (ecmascript)\",[\"/_next/static/chunks/node_modules_next_dist_6284f7f1._.js\",\"/_next/static/chunks/app_favicon_ico_mjs_4c4cf919._.js\"],\"ClientPageRoot\"]\n20:I[\"[project]/app/(auth-pages)/sign-in/page.tsx [app-client] (ecmascript)\",[\"/_next/static/chunks/_0293d420._.js\",\"/_next/static/chunks/_36f6bcde._.js\",\"/_next/static/chunks/node_modules_react-icons_e0321124._.js\",\"/_next/static/chunks/node_modules_zod_lib_index_mjs_ee760afb._.js\",\"/_next/static/chunks/node_modules_%40tanstack_query-devtools_build_c02dd60e._.js\",\"/_next/static/chunks/node_modules_44cc6d32._.js\",\"/_next/static/chunks/app_layout_tsx_8305262e._.js\",\"/_next/static/chunks/app_(auth-pages)_layout_tsx_f78bdb3e._.js\",\"/_next/static/chunks/app_(auth-pages)_layout_tsx_90ad52ee._.js\",\"/_next/static/chunks/_626c4fbf._.js\",\"/_next/static/chunks/app_(auth-pages)_sign-in_page_tsx_aba3683f._.js\"],\"default\"]\n24:I[\"[project]/node_modules/next/dist/client/components/metadata/metadata-boundary.js [app-client] (ecmascript)\",[\"/_next/static/chunks/node_modules_next_dist_6284f7f1._.js\",\"/_next/static/chunks/app_favicon_ico_mjs_4c4cf919._.js\"],\"MetadataBoundary\"]\n27:I[\"[project]/node_modules/next/dist/client/components/metadata/metadata-boundary.js [app-client] (ecmascript)\",[\"/_next/static/chunks"])</script><script>self.__next_f.push([1,"/node_modules_next_dist_6284f7f1._.js\",\"/_next/static/chunks/app_favicon_ico_mjs_4c4cf919._.js\"],\"OutletBoundary\"]\n2e:I[\"[project]/node_modules/next/dist/client/components/metadata/async-metadata.js [app-client] (ecmascript)\",[\"/_next/static/chunks/node_modules_next_dist_6284f7f1._.js\",\"/_next/static/chunks/app_favicon_ico_mjs_4c4cf919._.js\"],\"AsyncMetadataOutlet\"]\n34:I[\"[project]/node_modules/next/dist/client/components/metadata/metadata-boundary.js [app-client] (ecmascript)\",[\"/_next/static/chunks/node_modules_next_dist_6284f7f1._.js\",\"/_next/static/chunks/app_favicon_ico_mjs_4c4cf919._.js\"],\"ViewportBoundary\"]\n3a:I[\"[project]/app/global-error.tsx [app-client] (ecmascript)\",[\"/_next/static/chunks/_0293d420._.js\",\"/_next/static/chunks/_36f6bcde._.js\",\"/_next/static/chunks/node_modules_react-icons_e0321124._.js\",\"/_next/static/chunks/node_modules_zod_lib_index_mjs_ee760afb._.js\",\"/_next/static/chunks/node_modules_%40tanstack_query-devtools_build_c02dd60e._.js\",\"/_next/static/chunks/node_modules_44cc6d32._.js\",\"/_next/static/chunks/app_layout_tsx_8305262e._.js\",\"/_next/static/chunks/_ba27bdbf._.js\",\"/_next/static/chunks/app_global-error_tsx_90ad52ee._.js\"],\"default\"]\n3b:\"$Sreact.suspense\"\n3c:I[\"[project]/node_modules/next/dist/client/components/metadata/async-metadata.js [app-client] (ecmascript)\",[\"/_next/static/chunks/node_modules_next_dist_6284f7f1._.js\",\"/_next/static/chunks/app_favicon_ico_mjs_4c4cf919._.js\"],\"AsyncMetadata\"]\n:HL[\"/_next/static/chunks/%5Broot-of-the-server%5D__bcbf9a33._.css\",\"style\"]\n:HL[\"/_next/static/media/gyByhwUxId8gMEwcGFWNOITd-s.p.1a6fa3e1.woff2\",\"font\",{\"crossOrigin\":\"\",\"type\":\"font/woff2\"}]\n2:{\"name\":\"Preloads\",\"env\":\"Server\",\"key\":null,\"owner\":null,\"stack\":[],\"props\":{\"preloadCallbacks\":[\"$E(()=\u003e{ctx.componentMod.preloadStyle(fullHref,ctx.renderOpts.crossOrigin,ctx.nonce)})\",\"$E(()=\u003e{ctx.componentMod.preloadFont(href,type,ctx.renderOpts.crossOrigin,ctx.nonce)})\"]}}\n1:D\"$2\"\n1:null\n7:{\"name\":\"RootLayout\",\"env\":\"Server\",\"key\":null,\"owner\":null,\"stack\":[],\"props\":{\"children\":[\"$\",\"$L5\","])</script><script>self.__next_f.push([1,"null,{\"parallelRouterKey\":\"children\",\"error\":\"$6\",\"errorStyles\":[],\"errorScripts\":[[\"$\",\"script\",\"script-0\",{\"src\":\"/_next/static/chunks/_36616110._.js\",\"async\":true},null,[],0],\"$Y\"],\"template\":\"$Y\",\"templateStyles\":\"$undefined\",\"templateScripts\":\"$undefined\",\"notFound\":\"$Y\",\"forbidden\":\"$undefined\",\"unauthorized\":\"$undefined\"},null,[],1],\"params\":\"$Y\"}}\n4:D\"$7\"\n9:{\"name\":\"SearchEngineVerifications\",\"env\":\"Server\",\"key\":null,\"owner\":\"$7\",\"stack\":[[\"RootLayout\",\"/Users/williamkasel/Dev/reco-machine/recovery-machine-web/.next/server/chunks/ssr/[root-of-the-server]__b1a5b3e6._.js\",646,272]],\"props\":{}}\n8:D\"$9\"\n8:[\"$undefined\",\"$undefined\",\"$undefined\",\"$undefined\",\"$undefined\"]\nb:{\"name\":\"OrganizationJsonLd\",\"env\":\"Server\",\"key\":null,\"owner\":\"$7\",\"stack\":[[\"RootLayout\",\"/Users/williamkasel/Dev/reco-machine/recovery-machine-web/.next/server/chunks/ssr/[root-of-the-server]__b1a5b3e6._.js\",651,272]],\"props\":{}}\na:D\"$b\"\nc:{\"name\":\"JsonLd\",\"env\":\"Server\",\"key\":null,\"owner\":\"$b\",\"stack\":[[\"OrganizationJsonLd\",\"/Users/williamkasel/Dev/reco-machine/recovery-machine-web/.next/server/chunks/ssr/[root-of-the-server]__b1a5b3e6._.js\",247,263]],\"props\":{\"children\":{\"@context\":\"https://schema.org\",\"@type\":\"Organization\",\"name\":\"The Recovery Machine\",\"url\":\"http://localhost:3000\",\"logo\":\"https://therecoverymachine.com/logo.png\",\"sameAs\":[\"https://twitter.com/therecoverymachine\"],\"contactPoint\":{\"@type\":\"ContactPoint\",\"contactType\":\"customer service\",\"availableLanguage\":[\"English\",\"Spanish\"],\"areaServed\":\"US-CA\"},\"address\":{\"@type\":\"PostalAddress\",\"addressLocality\":\"Los Angeles\",\"addressRegion\":\"CA\",\"addressCountry\":\"US\"},\"foundingDate\":\"2024\",\"numberOfEmployees\":\"2-10\",\"knowsAbout\":[\"Cold Plunge Therapy\",\"Infrared Sauna\",\"Recovery Therapy\",\"Wellness Services\",\"Mobile Spa Services\"]}}}\na:D\"$c\"\na:[\"$\",\"script\",null,{\"type\":\"application/ld+json\",\"dangerouslySetInnerHTML\":{\"__html\":\"{\\\"@context\\\":\\\"https://schema.org\\\",\\\"@type\\\":\\\"Organization\\\",\\\"name\\\":\\\"The Recovery Machine\\\",\\\"url\\\":\\\"http://localhost:3000\\\",\\\"logo\\\":\\\"https://the"])</script><script>self.__next_f.push([1,"recoverymachine.com/logo.png\\\",\\\"sameAs\\\":[\\\"https://twitter.com/therecoverymachine\\\"],\\\"contactPoint\\\":{\\\"@type\\\":\\\"ContactPoint\\\",\\\"contactType\\\":\\\"customer service\\\",\\\"availableLanguage\\\":[\\\"English\\\",\\\"Spanish\\\"],\\\"areaServed\\\":\\\"US-CA\\\"},\\\"address\\\":{\\\"@type\\\":\\\"PostalAddress\\\",\\\"addressLocality\\\":\\\"Los Angeles\\\",\\\"addressRegion\\\":\\\"CA\\\",\\\"addressCountry\\\":\\\"US\\\"},\\\"foundingDate\\\":\\\"2024\\\",\\\"numberOfEmployees\\\":\\\"2-10\\\",\\\"knowsAbout\\\":[\\\"Cold Plunge Therapy\\\",\\\"Infrared Sauna\\\",\\\"Recovery Therapy\\\",\\\"Wellness Services\\\",\\\"Mobile Spa Services\\\"]}\"}},\"$c\",[[\"JsonLd\",\"/Users/williamkasel/Dev/reco-machine/recovery-machine-web/.next/server/chunks/ssr/[root-of-the-server]__b1a5b3e6._.js\",235,263]],1]\ne:{\"name\":\"WebsiteJsonLd\",\"env\":\"Server\",\"key\":null,\"owner\":\"$7\",\"stack\":[[\"RootLayout\",\"/Users/williamkasel/Dev/reco-machine/recovery-machine-web/.next/server/chunks/ssr/[root-of-the-server]__b1a5b3e6._.js\",656,272]],\"props\":{}}\nd:D\"$e\"\nf:{\"name\":\"JsonLd\",\"env\":\"Server\",\"key\":null,\"owner\":\"$e\",\"stack\":[[\"WebsiteJsonLd\",\"/Users/williamkasel/Dev/reco-machine/recovery-machine-web/.next/server/chunks/ssr/[root-of-the-server]__b1a5b3e6._.js\",290,263]],\"props\":{\"children\":{\"@context\":\"https://schema.org\",\"@type\":\"WebSite\",\"name\":\"The Recovery Machine\",\"url\":\"http://localhost:3000\",\"description\":\"Mobile cold plunge \u0026 infrared sauna delivered to your door. Weekly wellness sessions for peak performance and recovery. Professional spa services at your location.\",\"publisher\":{\"@type\":\"Organization\",\"name\":\"The Recovery Machine\",\"logo\":\"https://therecoverymachine.com/logo.png\"},\"potentialAction\":{\"@type\":\"SearchAction\",\"target\":{\"@type\":\"EntryPoint\",\"urlTemplate\":\"http://localhost:3000/search?q={search_term_string}\"},\"query-input\":\"required name=search_term_string\"}}}}\nd:D\"$f\"\nd:[\"$\",\"script\",null,{\"type\":\"application/ld+json\",\"dangerouslySetInnerHTML\":{\"__html\":\"{\\\"@context\\\":\\\"https://schema.org\\\",\\\"@type\\\":\\\"WebSite\\\",\\\"name\\\":\\\"The Recovery Machine\\\",\\\"url\\\":\\\"http://localhost:3000\\\",\\\"description\\\":\\\"Mobile cold plunge \u0026 inf"])</script><script>self.__next_f.push([1,"rared sauna delivered to your door. Weekly wellness sessions for peak performance and recovery. Professional spa services at your location.\\\",\\\"publisher\\\":{\\\"@type\\\":\\\"Organization\\\",\\\"name\\\":\\\"The Recovery Machine\\\",\\\"logo\\\":\\\"https://therecoverymachine.com/logo.png\\\"},\\\"potentialAction\\\":{\\\"@type\\\":\\\"SearchAction\\\",\\\"target\\\":{\\\"@type\\\":\\\"EntryPoint\\\",\\\"urlTemplate\\\":\\\"http://localhost:3000/search?q={search_term_string}\\\"},\\\"query-input\\\":\\\"required name=search_term_string\\\"}}\"}},\"$f\",[[\"JsonLd\",\"/Users/williamkasel/Dev/reco-machine/recovery-machine-web/.next/server/chunks/ssr/[root-of-the-server]__b1a5b3e6._.js\",235,263]],1]\n14:{\"name\":\"NotFound\",\"env\":\"Server\",\"key\":null,\"owner\":null,\"stack\":[],\"props\":{}}\n13:D\"$14\"\n15:{\"name\":\"HTTPAccessErrorFallback\",\"env\":\"Server\",\"key\":null,\"owner\":\"$14\",\"stack\":[],\"props\":{\"status\":404,\"message\":\"This page could not be found.\"}}\n13:D\"$15\"\n13:[[\"$\",\"title\",null,{\"children\":\"404: This page could not be found.\"},\"$15\",[],1],[\"$\",\"div\",null,{\"style\":{\"fontFamily\":\"system-ui,\\\"Segoe UI\\\",Roboto,Helvetica,Arial,sans-serif,\\\"Apple Color Emoji\\\",\\\"Segoe UI Emoji\\\"\",\"height\":\"100vh\",\"textAlign\":\"center\",\"display\":\"flex\",\"flexDirection\":\"column\",\"alignItems\":\"center\",\"justifyContent\":\"center\"},\"children\":[\"$\",\"div\",null,{\"children\":[[\"$\",\"style\",null,{\"dangerouslySetInnerHTML\":{\"__html\":\"body{color:#000;background:#fff;margin:0}.next-error-h1{border-right:1px solid rgba(0,0,0,.3)}@media (prefers-color-scheme:dark){body{color:#fff;background:#000}.next-error-h1{border-right:1px solid rgba(255,255,255,.3)}}\"}},\"$15\",[],1],[\"$\",\"h1\",null,{\"className\":\"next-error-h1\",\"style\":{\"display\":\"inline-block\",\"margin\":\"0 20px 0 0\",\"padding\":\"0 23px 0 0\",\"fontSize\":24,\"fontWeight\":500,\"verticalAlign\":\"top\",\"lineHeight\":\"49px\"},\"children\":404},\"$15\",[],1],[\"$\",\"div\",null,{\"style\":{\"display\":\"inline-block\"},\"children\":[\"$\",\"h2\",null,{\"style\":{\"fontSize\":14,\"fontWeight\":400,\"lineHeight\":\"49px\",\"margin\":0},\"children\":\"This page could not be found.\"},\"$15\",[],1]},\"$15\",[],1]]},\"$15\",[],1]},\"$15\",[]"])</script><script>self.__next_f.push([1,",1]]\n"])</script><script>self.__next_f.push([1,"4:[\"$\",\"html\",null,{\"lang\":\"en\",\"className\":\"geist_98543eaf-module__nHXKyG__className dark\",\"suppressHydrationWarning\":true,\"children\":[[\"$\",\"head\",null,{\"children\":[\"$8\",\"$a\",\"$d\",[\"$\",\"link\",null,{\"rel\":\"preconnect\",\"href\":\"https://fonts.googleapis.com\"},\"$7\",[[\"RootLayout\",\"/Users/williamkasel/Dev/reco-machine/recovery-machine-web/.next/server/chunks/ssr/[root-of-the-server]__b1a5b3e6._.js\",661,272]],1],[\"$\",\"link\",null,{\"rel\":\"preconnect\",\"href\":\"https://www.google-analytics.com\"},\"$7\",[[\"RootLayout\",\"/Users/williamkasel/Dev/reco-machine/recovery-machine-web/.next/server/chunks/ssr/[root-of-the-server]__b1a5b3e6._.js\",669,272]],1],[\"$\",\"link\",null,{\"rel\":\"dns-prefetch\",\"href\":\"https://www.googletagmanager.com\"},\"$7\",[[\"RootLayout\",\"/Users/williamkasel/Dev/reco-machine/recovery-machine-web/.next/server/chunks/ssr/[root-of-the-server]__b1a5b3e6._.js\",677,272]],1]]},\"$7\",[[\"RootLayout\",\"/Users/williamkasel/Dev/reco-machine/recovery-machine-web/.next/server/chunks/ssr/[root-of-the-server]__b1a5b3e6._.js\",644,264]],1],[\"$\",\"body\",null,{\"className\":\"bg-black text-white\",\"children\":[[\"$\",\"$L10\",null,{\"children\":[\"$\",\"div\",null,{\"className\":\"min-h-screen relative\",\"children\":[[\"$\",\"$L11\",null,{},\"$7\",[[\"RootLayout\",\"/Users/williamkasel/Dev/reco-machine/recovery-machine-web/.next/server/chunks/ssr/[root-of-the-server]__b1a5b3e6._.js\",698,284]],1],[\"$\",\"main\",null,{\"id\":\"main-content\",\"className\":\"w-full\",\"children\":[\"$\",\"$L5\",null,{\"parallelRouterKey\":\"children\",\"error\":\"$6\",\"errorStyles\":[],\"errorScripts\":[[\"$\",\"script\",\"script-0\",{\"src\":\"/_next/static/chunks/_36616110._.js\",\"async\":true},null,[],0],[\"$\",\"script\",\"script-1\",{\"src\":\"/_next/static/chunks/app_error_tsx_90ad52ee._.js\",\"async\":true},null,[],0]],\"template\":[\"$\",\"$L12\",null,{},null,[],1],\"templateStyles\":\"$undefined\",\"templateScripts\":\"$undefined\",\"notFound\":[\"$13\",[]],\"forbidden\":\"$undefined\",\"unauthorized\":\"$undefined\"},null,[],1]},\"$7\",[[\"RootLayout\",\"/Users/williamkasel/Dev/reco-machine/recovery-machine-web/.next/server/chunks/ssr/[root-of-the-server]__b1a5b3e6._.js\",703,284]],1],[\"$\",\"$L16\",null,{},\"$7\",[[\"RootLayout\",\"/Users/williamkasel/Dev/reco-machine/recovery-machine-web/.next/server/chunks/ssr/[root-of-the-server]__b1a5b3e6._.js\",712,284]],1]]},\"$7\",[[\"RootLayout\",\"/Users/williamkasel/Dev/reco-machine/recovery-machine-web/.next/server/chunks/ssr/[root-of-the-server]__b1a5b3e6._.js\",695,286]],1]},\"$7\",[[\"RootLayout\",\"/Users/williamkasel/Dev/reco-machine/recovery-machine-web/.next/server/chunks/ssr/[root-of-the-server]__b1a5b3e6._.js\",694,272]],1],[\"$\",\"$L17\",null,{},\"$7\",[[\"RootLayout\",\"/Users/williamkasel/Dev/reco-machine/recovery-machine-web/.next/server/chunks/ssr/[root-of-the-server]__b1a5b3e6._.js\",728,272]],1],[\"$\",\"$L18\",null,{},\"$7\",[[\"RootLayout\",\"/Users/williamkasel/Dev/reco-machine/recovery-machine-web/.next/server/chunks/ssr/[root-of-the-server]__b1a5b3e6._.js\",733,272]],1],[\"$\",\"$L19\",null,{},\"$7\",[[\"RootLayout\",\"/Users/williamkasel/Dev/reco-machine/recovery-machine-web/.next/server/chunks/ssr/[root-of-the-server]__b1a5b3e6._.js\",738,272]],1]]},\"$7\",[[\"RootLayout\",\"/Users/williamkasel/Dev/reco-machine/recovery-machine-web/.next/server/chunks/ssr/[root-of-the-server]__b1a5b3e6._.js\",691,264]],1]]},\"$7\",[[\"RootLayout\",\"/Users/williamkasel/Dev/reco-machine/recovery-machine-web/.next/server/chunks/ssr/[root-of-the-server]__b1a5b3e6._.js\",639,263]],1]\n"])</script><script>self.__next_f.push([1,"1d:{\"name\":\"NotFound\",\"env\":\"Server\",\"key\":null,\"owner\":null,\"stack\":[],\"props\":{}}\n1c:D\"$1d\"\n1e:{\"name\":\"HTTPAccessErrorFallback\",\"env\":\"Server\",\"key\":null,\"owner\":\"$1d\",\"stack\":[],\"props\":{\"status\":404,\"message\":\"This page could not be found.\"}}\n1c:D\"$1e\"\n1c:[[\"$\",\"title\",null,{\"children\":\"404: This page could not be found.\"},\"$1e\",[],1],[\"$\",\"div\",null,{\"style\":\"$13:1:props:style\",\"children\":[\"$\",\"div\",null,{\"children\":[[\"$\",\"style\",null,{\"dangerouslySetInnerHTML\":{\"__html\":\"body{color:#000;background:#fff;margin:0}.next-error-h1{border-right:1px solid rgba(0,0,0,.3)}@media (prefers-color-scheme:dark){body{color:#fff;background:#000}.next-error-h1{border-right:1px solid rgba(255,255,255,.3)}}\"}},\"$1e\",[],1],[\"$\",\"h1\",null,{\"className\":\"next-error-h1\",\"style\":\"$13:1:props:children:props:children:1:props:style\",\"children\":404},\"$1e\",[],1],[\"$\",\"div\",null,{\"style\":\"$13:1:props:children:props:children:2:props:style\",\"children\":[\"$\",\"h2\",null,{\"style\":\"$13:1:props:children:props:children:2:props:children:props:style\",\"children\":\"This page could not be found.\"},\"$1e\",[],1]},\"$1e\",[],1]]},\"$1e\",[],1]},\"$1e\",[],1]]\n22:{\"name\":\"\",\"env\":\"Server\",\"key\":null,\"owner\":null,\"stack\":[],\"props\":{}}\n21:D\"$22\"\n23:{\"name\":\"MetadataTree\",\"env\":\"Server\",\"key\":null,\"owner\":null,\"stack\":[],\"props\":{}}\n21:D\"$23\"\n26:{\"name\":\"__next_metadata_boundary__\",\"env\":\"Server\",\"key\":null,\"owner\":\"$23\",\"stack\":[],\"props\":{}}\n25:D\"$26\"\n21:[\"$\",\"$L24\",null,{\"children\":\"$L25\"},\"$23\",[],1]\n29:{\"name\":\"__next_outlet_boundary__\",\"env\":\"Server\",\"key\":null,\"owner\":null,\"stack\":[],\"props\":{\"ready\":\"$E(async function getViewportReady() {\\n        await viewport();\\n        return undefined;\\n    })\"}}\n28:D\"$29\"\n2b:{\"name\":\"__next_outlet_boundary__\",\"env\":\"Server\",\"key\":null,\"owner\":null,\"stack\":[],\"props\":{\"ready\":\"$E(async function getMetadataReady() {\\n        // Only warm up metadata() call when it's blocking metadata,\\n        // otherwise it will be fully managed by AsyncMetadata component.\\n        if (!serveStreamingMetadata) {\\n            await me"])</script><script>self.__next_f.push([1,"tadata();\\n        }\\n        return undefined;\\n    })\"}}\n2a:D\"$2b\"\n2d:{\"name\":\"StreamingMetadataOutlet\",\"env\":\"Server\",\"key\":null,\"owner\":null,\"stack\":[],\"props\":{}}\n2c:D\"$2d\"\n2c:[\"$\",\"$L2e\",null,{\"promise\":\"$@2f\"},\"$2d\",[],1]\n31:{\"name\":\"NonIndex\",\"env\":\"Server\",\"key\":null,\"owner\":null,\"stack\":[],\"props\":{\"pagePath\":\"/sign-in\",\"statusCode\":200,\"isPossibleServerAction\":false}}\n30:D\"$31\"\n30:null\n33:{\"name\":\"ViewportTree\",\"env\":\"Server\",\"key\":\"wvc_-wgIonUm5zJ8pW8Gt\",\"owner\":null,\"stack\":[],\"props\":{}}\n32:D\"$33\"\n36:{\"name\":\"__next_viewport_boundary__\",\"env\":\"Server\",\"key\":null,\"owner\":\"$33\",\"stack\":[],\"props\":{}}\n35:D\"$36\"\n32:[\"$\",\"$3\",\"wvc_-wgIonUm5zJ8pW8Gt\",{\"children\":[[\"$\",\"$L34\",null,{\"children\":\"$L35\"},\"$33\",[],1],[\"$\",\"meta\",null,{\"name\":\"next-size-adjust\",\"content\":\"\"},\"$33\",[],1]]},null,null,0]\n38:{\"name\":\"\",\"env\":\"Server\",\"key\":null,\"owner\":null,\"stack\":[],\"props\":{}}\n37:D\"$38\"\n37:null\n39:[]\n"])</script><script>self.__next_f.push([1,"0:{\"P\":\"$1\",\"b\":\"development\",\"p\":\"\",\"c\":[\"\",\"sign-in\"],\"i\":false,\"f\":[[[\"\",{\"children\":[\"(auth-pages)\",{\"children\":[\"sign-in\",{\"children\":[\"__PAGE__\",{}]}]}]},\"$undefined\",\"$undefined\",true],[\"\",[\"$\",\"$3\",\"c\",{\"children\":[[[\"$\",\"link\",\"0\",{\"rel\":\"stylesheet\",\"href\":\"/_next/static/chunks/%5Broot-of-the-server%5D__bcbf9a33._.css\",\"precedence\":\"next_static/chunks/[root-of-the-server]__bcbf9a33._.css\",\"crossOrigin\":\"$undefined\",\"nonce\":\"$undefined\"},null,[],0],[\"$\",\"script\",\"script-0\",{\"src\":\"/_next/static/chunks/_0293d420._.js\",\"async\":true,\"nonce\":\"$undefined\"},null,[],0],[\"$\",\"script\",\"script-1\",{\"src\":\"/_next/static/chunks/_36f6bcde._.js\",\"async\":true,\"nonce\":\"$undefined\"},null,[],0],[\"$\",\"script\",\"script-2\",{\"src\":\"/_next/static/chunks/node_modules_react-icons_e0321124._.js\",\"async\":true,\"nonce\":\"$undefined\"},null,[],0],[\"$\",\"script\",\"script-3\",{\"src\":\"/_next/static/chunks/node_modules_zod_lib_index_mjs_ee760afb._.js\",\"async\":true,\"nonce\":\"$undefined\"},null,[],0],[\"$\",\"script\",\"script-4\",{\"src\":\"/_next/static/chunks/node_modules_%40tanstack_query-devtools_build_c02dd60e._.js\",\"async\":true,\"nonce\":\"$undefined\"},null,[],0],[\"$\",\"script\",\"script-5\",{\"src\":\"/_next/static/chunks/node_modules_44cc6d32._.js\",\"async\":true,\"nonce\":\"$undefined\"},null,[],0],[\"$\",\"script\",\"script-6\",{\"src\":\"/_next/static/chunks/app_layout_tsx_8305262e._.js\",\"async\":true,\"nonce\":\"$undefined\"},null,[],0]],\"$4\"]},null,[],0],{\"children\":[\"(auth-pages)\",[\"$\",\"$3\",\"c\",{\"children\":[[[\"$\",\"script\",\"script-0\",{\"src\":\"/_next/static/chunks/app_(auth-pages)_layout_tsx_f78bdb3e._.js\",\"async\":true,\"nonce\":\"$undefined\"},null,[],0],[\"$\",\"script\",\"script-1\",{\"src\":\"/_next/static/chunks/app_(auth-pages)_layout_tsx_90ad52ee._.js\",\"async\":true,\"nonce\":\"$undefined\"},null,[],0]],[\"$\",\"$L1a\",null,{\"Component\":\"$1b\",\"slots\":{\"children\":[\"$\",\"$L5\",null,{\"parallelRouterKey\":\"children\",\"error\":\"$undefined\",\"errorStyles\":\"$undefined\",\"errorScripts\":\"$undefined\",\"template\":[\"$\",\"$L12\",null,{},null,[],1],\"templateStyles\":\"$undefined\",\"templateScripts\":\"$undefined\",\"notFound\":[\"$1c\",[]],\"forbidden\":\"$undefined\",\"unauthorized\":\"$undefined\"},null,[],0]},\"params\":{}},null,[],1]]},null,[],0],{\"children\":[\"sign-in\",[\"$\",\"$3\",\"c\",{\"children\":[null,[\"$\",\"$L5\",null,{\"parallelRouterKey\":\"children\",\"error\":\"$undefined\",\"errorStyles\":\"$undefined\",\"errorScripts\":\"$undefined\",\"template\":[\"$\",\"$L12\",null,{},null,[],1],\"templateStyles\":\"$undefined\",\"templateScripts\":\"$undefined\",\"notFound\":\"$undefined\",\"forbidden\":\"$undefined\",\"unauthorized\":\"$undefined\"},null,[],1]]},null,[],0],{\"children\":[\"__PAGE__\",[\"$\",\"$3\",\"c\",{\"children\":[[\"$\",\"$L1f\",null,{\"Component\":\"$20\",\"searchParams\":{},\"params\":\"$0:f:0:1:2:children:1:props:children:1:props:params\"},null,[],1],\"$21\",[[\"$\",\"script\",\"script-0\",{\"src\":\"/_next/static/chunks/_626c4fbf._.js\",\"async\":true,\"nonce\":\"$undefined\"},null,[],0],[\"$\",\"script\",\"script-1\",{\"src\":\"/_next/static/chunks/app_(auth-pages)_sign-in_page_tsx_aba3683f._.js\",\"async\":true,\"nonce\":\"$undefined\"},null,[],0]],[\"$\",\"$L27\",null,{\"children\":[\"$L28\",\"$L2a\",\"$2c\"]},null,[],1]]},null,[],0],{},null,false]},null,false]},null,false]},null,false],[\"$\",\"$3\",\"h\",{\"children\":[\"$30\",\"$32\",\"$37\"]},null,[],0],false]],\"m\":\"$W39\",\"G\":[\"$3a\",[[\"$\",\"link\",\"0\",{\"rel\":\"stylesheet\",\"href\":\"/_next/static/chunks/%5Broot-of-the-server%5D__bcbf9a33._.css\",\"precedence\":\"next_static/chunks/[root-of-the-server]__bcbf9a33._.css\",\"crossOrigin\":\"$undefined\",\"nonce\":\"$undefined\"},null,[],0]]],\"s\":false,\"S\":false}\n"])</script><script>self.__next_f.push([1,"25:[\"$\",\"$3b\",null,{\"fallback\":null,\"children\":[\"$\",\"$L3c\",null,{\"promise\":\"$@3d\"},\"$26\",[],1]},\"$26\",[],1]\n2a:null\n35:[[\"$\",\"meta\",\"0\",{\"charSet\":\"utf-8\"},\"$29\",[],0],[\"$\",\"meta\",\"1\",{\"name\":\"viewport\",\"content\":\"width=device-width, initial-scale=1\"},\"$29\",[],0]]\n28:null\n"])</script><script>self.__next_f.push([1,":W[\"warn\",[],\"$26\",\"Server\",\" ⚠ Unsupported metadata viewport is configured in metadata export in /sign-in. Please move it to viewport export instead.\\nRead more: https://nextjs.org/docs/app/api-reference/functions/generate-viewport\"]\n"])</script><script>self.__next_f.push([1,"3d:{\"metadata\":[[\"$\",\"title\",\"0\",{\"children\":\"The Recovery Machine | Mobile Wellness Services\"},\"$26\",[],0],[\"$\",\"meta\",\"1\",{\"name\":\"description\",\"content\":\"Mobile cold plunge \u0026 infrared sauna delivered to your door. Weekly sessions for peak performance and recovery.\"},\"$26\",[],0],[\"$\",\"link\",\"2\",{\"rel\":\"manifest\",\"href\":\"/manifest.webmanifest\",\"crossOrigin\":\"$undefined\"},\"$26\",[],0],[\"$\",\"meta\",\"3\",{\"name\":\"robots\",\"content\":\"index, follow\"},\"$26\",[],0],[\"$\",\"meta\",\"4\",{\"name\":\"googlebot\",\"content\":\"index, follow, max-video-preview:-1, max-image-preview:large, max-snippet:-1\"},\"$26\",[],0],[\"$\",\"link\",\"5\",{\"rel\":\"canonical\",\"href\":\"http://localhost:3000\"},\"$26\",[],0],[\"$\",\"link\",\"6\",{\"rel\":\"alternate\",\"hrefLang\":\"en-US\",\"href\":\"http://localhost:3000/en-US\"},\"$26\",[],0],[\"$\",\"meta\",\"7\",{\"property\":\"og:title\",\"content\":\"The Recovery Machine | Mobile Wellness Services\"},\"$26\",[],0],[\"$\",\"meta\",\"8\",{\"property\":\"og:description\",\"content\":\"Mobile cold plunge \u0026 infrared sauna delivered to your door. Weekly sessions for peak performance and recovery.\"},\"$26\",[],0],[\"$\",\"meta\",\"9\",{\"property\":\"og:url\",\"content\":\"http://localhost:3000\"},\"$26\",[],0],[\"$\",\"meta\",\"10\",{\"property\":\"og:site_name\",\"content\":\"The Recovery Machine\"},\"$26\",[],0],[\"$\",\"meta\",\"11\",{\"property\":\"og:locale\",\"content\":\"en_US\"},\"$26\",[],0],[\"$\",\"meta\",\"12\",{\"property\":\"og:image\",\"content\":\"http://localhost:3000/og-image.jpg\"},\"$26\",[],0],[\"$\",\"meta\",\"13\",{\"property\":\"og:image:width\",\"content\":\"1200\"},\"$26\",[],0],[\"$\",\"meta\",\"14\",{\"property\":\"og:image:height\",\"content\":\"630\"},\"$26\",[],0],[\"$\",\"meta\",\"15\",{\"property\":\"og:image:alt\",\"content\":\"The Recovery Machine\"},\"$26\",[],0],[\"$\",\"meta\",\"16\",{\"property\":\"og:type\",\"content\":\"website\"},\"$26\",[],0],[\"$\",\"meta\",\"17\",{\"name\":\"twitter:card\",\"content\":\"summary_large_image\"},\"$26\",[],0],[\"$\",\"meta\",\"18\",{\"name\":\"twitter:site\",\"content\":\"@therecoverymachine\"},\"$26\",[],0],[\"$\",\"meta\",\"19\",{\"name\":\"twitter:creator\",\"content\":\"@therecoverymachine\"},\"$26\",[],0],[\"$\",\"meta\",\"20\",{\"name\":\"twitter:title\",\"content\":\"The Recovery Machine | Mobile Wellness Services\"},\"$26\",[],0],[\"$\",\"meta\",\"21\",{\"name\":\"twitter:description\",\"content\":\"Mobile cold plunge \u0026 infrared sauna delivered to your door. Weekly sessions for peak performance and recovery.\"},\"$26\",[],0],[\"$\",\"meta\",\"22\",{\"name\":\"twitter:image\",\"content\":\"http://localhost:3000/og-image.jpg\"},\"$26\",[],0],[\"$\",\"link\",\"23\",{\"rel\":\"icon\",\"href\":\"/favicon.ico?favicon.45db1c09.ico\",\"sizes\":\"256x256\",\"type\":\"image/x-icon\"},\"$26\",[],0]],\"error\":null,\"digest\":\"$undefined\"}\n"])</script><script>self.__next_f.push([1,"2f:{\"metadata\":\"$3d:metadata\",\"error\":null,\"digest\":\"$undefined\"}\n"])</script></body></html>
Request error: SyntaxError: Unexpected token '<', "<!DOCTYPE "... is not valid JSON
    at JSON.parse (<anonymous>)
    at [90mfile:///Users/williamkasel/Dev/reco-machine/recovery-machine-web/[39mtests/e2e/booking-flow.test.ts:97:27
    at [90m/Users/williamkasel/Dev/reco-machine/recovery-machine-web/[39mnode_modules/[4mplaywright[24m/lib/worker/workerMain.js:309:9
    at [90m/Users/williamkasel/Dev/reco-machine/recovery-machine-web/[39mnode_modules/[4mplaywright[24m/lib/worker/testInfo.js:326:11
    at TimeoutManager.withRunnable [90m(/Users/williamkasel/Dev/reco-machine/recovery-machine-web/[39mnode_modules/[4mplaywright[24m/lib/worker/timeoutManager.js:67:14[90m)[39m
    at TestInfoImpl._runWithTimeout [90m(/Users/williamkasel/Dev/reco-machine/recovery-machine-web/[39mnode_modules/[4mplaywright[24m/lib/worker/testInfo.js:324:7[90m)[39m
    at [90m/Users/williamkasel/Dev/reco-machine/recovery-machine-web/[39mnode_modules/[4mplaywright[24m/lib/worker/workerMain.js:307:7
    at WorkerMain._runTest [90m(/Users/williamkasel/Dev/reco-machine/recovery-machine-web/[39mnode_modules/[4mplaywright[24m/lib/worker/workerMain.js:282:5[90m)[39m
    at WorkerMain.runTestGroup [90m(/Users/williamkasel/Dev/reco-machine/recovery-machine-web/[39mnode_modules/[4mplaywright[24m/lib/worker/workerMain.js:194:11[90m)[39m
    at process.<anonymous> [90m(/Users/williamkasel/Dev/reco-machine/recovery-machine-web/[39mnode_modules/[4mplaywright[24m/lib/common/process.js:65:22[90m)[39m
]]>
</system-out>
</testcase>
</testsuite>
</testsuites>